running egg_info
writing ../../build/my_py_pkg/my_py_pkg.egg-info/PKG-INFO
writing dependency_links to ../../build/my_py_pkg/my_py_pkg.egg-info/dependency_links.txt
writing entry points to ../../build/my_py_pkg/my_py_pkg.egg-info/entry_points.txt
writing requirements to ../../build/my_py_pkg/my_py_pkg.egg-info/requires.txt
writing top-level names to ../../build/my_py_pkg/my_py_pkg.egg-info/top_level.txt
reading manifest file '../../build/my_py_pkg/my_py_pkg.egg-info/SOURCES.txt'
writing manifest file '../../build/my_py_pkg/my_py_pkg.egg-info/SOURCES.txt'
running build
running build_py
copying my_py_pkg/health_service.py -> /workspace/build/my_py_pkg/build/lib/my_py_pkg
copying my_py_pkg/thermal_sensor.py -> /workspace/build/my_py_pkg/build/lib/my_py_pkg
copying my_py_pkg/thermal_monitor.py -> /workspace/build/my_py_pkg/build/lib/my_py_pkg
running install
running install_lib
copying /workspace/build/my_py_pkg/build/lib/my_py_pkg/health_service.py -> /workspace/install/my_py_pkg/lib/python3.12/site-packages/my_py_pkg
copying /workspace/build/my_py_pkg/build/lib/my_py_pkg/thermal_sensor.py -> /workspace/install/my_py_pkg/lib/python3.12/site-packages/my_py_pkg
copying /workspace/build/my_py_pkg/build/lib/my_py_pkg/thermal_monitor.py -> /workspace/install/my_py_pkg/lib/python3.12/site-packages/my_py_pkg
byte-compiling /workspace/install/my_py_pkg/lib/python3.12/site-packages/my_py_pkg/health_service.py to health_service.cpython-312.pyc
byte-compiling /workspace/install/my_py_pkg/lib/python3.12/site-packages/my_py_pkg/thermal_sensor.py to thermal_sensor.cpython-312.pyc
byte-compiling /workspace/install/my_py_pkg/lib/python3.12/site-packages/my_py_pkg/thermal_monitor.py to thermal_monitor.cpython-312.pyc
running install_data
running install_egg_info
removing '/workspace/install/my_py_pkg/lib/python3.12/site-packages/my_py_pkg-0.0.0-py3.12.egg-info' (and everything under it)
Copying ../../build/my_py_pkg/my_py_pkg.egg-info to /workspace/install/my_py_pkg/lib/python3.12/site-packages/my_py_pkg-0.0.0-py3.12.egg-info
running install_scripts
Installing health_service_node script to /workspace/install/my_py_pkg/lib/my_py_pkg
Installing publisher_node_name script to /workspace/install/my_py_pkg/lib/my_py_pkg
Installing py_node script to /workspace/install/my_py_pkg/lib/my_py_pkg
Installing subscriber_node_name script to /workspace/install/my_py_pkg/lib/my_py_pkg
Installing thermal_monitor_node script to /workspace/install/my_py_pkg/lib/my_py_pkg
Installing thermal_sensor_node script to /workspace/install/my_py_pkg/lib/my_py_pkg
writing list of installed files to '/workspace/build/my_py_pkg/install.log'
