[0.681s] Invoking command in '/workspace/src/my_py_pkg': PYTHONPATH=/workspace/build/my_py_pkg/prefix_override:/usr/lib/python3/dist-packages/colcon_core/task/python/colcon_distutils_commands:/workspace/install/my_py_pkg/lib/python3.12/site-packages:${PYTHONPATH} /usr/bin/python3 -W ignore:setup.py install is deprecated -W ignore:easy_install command is deprecated setup.py egg_info --egg-base ../../build/my_py_pkg build --build-base /workspace/build/my_py_pkg/build install --record /workspace/build/my_py_pkg/install.log --install-scripts $base/lib/my_py_pkg --single-version-externally-managed install_data
[0.873s] running egg_info
[0.873s] creating ../../build/my_py_pkg/my_py_pkg.egg-info
[0.885s] writing ../../build/my_py_pkg/my_py_pkg.egg-info/PKG-INFO
[0.887s] writing dependency_links to ../../build/my_py_pkg/my_py_pkg.egg-info/dependency_links.txt
[0.887s] writing entry points to ../../build/my_py_pkg/my_py_pkg.egg-info/entry_points.txt
[0.887s] writing requirements to ../../build/my_py_pkg/my_py_pkg.egg-info/requires.txt
[0.887s] writing top-level names to ../../build/my_py_pkg/my_py_pkg.egg-info/top_level.txt
[0.887s] writing manifest file '../../build/my_py_pkg/my_py_pkg.egg-info/SOURCES.txt'
[0.911s] reading manifest file '../../build/my_py_pkg/my_py_pkg.egg-info/SOURCES.txt'
[0.912s] writing manifest file '../../build/my_py_pkg/my_py_pkg.egg-info/SOURCES.txt'
[0.912s] running build
[0.912s] running build_py
[0.912s] creating /workspace/build/my_py_pkg/build
[0.912s] creating /workspace/build/my_py_pkg/build/lib
[0.912s] creating /workspace/build/my_py_pkg/build/lib/my_py_pkg
[0.912s] copying my_py_pkg/my_first_node.py -> /workspace/build/my_py_pkg/build/lib/my_py_pkg
[0.912s] copying my_py_pkg/__init__.py -> /workspace/build/my_py_pkg/build/lib/my_py_pkg
[0.913s] running install
[0.918s] running install_lib
[0.931s] creating /workspace/install/my_py_pkg/lib/python3.12/site-packages/my_py_pkg
[0.931s] copying /workspace/build/my_py_pkg/build/lib/my_py_pkg/my_first_node.py -> /workspace/install/my_py_pkg/lib/python3.12/site-packages/my_py_pkg
[0.931s] copying /workspace/build/my_py_pkg/build/lib/my_py_pkg/__init__.py -> /workspace/install/my_py_pkg/lib/python3.12/site-packages/my_py_pkg
[0.932s] byte-compiling /workspace/install/my_py_pkg/lib/python3.12/site-packages/my_py_pkg/my_first_node.py to my_first_node.cpython-312.pyc
[0.932s] byte-compiling /workspace/install/my_py_pkg/lib/python3.12/site-packages/my_py_pkg/__init__.py to __init__.cpython-312.pyc
[0.932s] running install_data
[0.932s] creating /workspace/install/my_py_pkg/share/ament_index
[0.932s] creating /workspace/install/my_py_pkg/share/ament_index/resource_index
[0.932s] creating /workspace/install/my_py_pkg/share/ament_index/resource_index/packages
[0.932s] copying resource/my_py_pkg -> /workspace/install/my_py_pkg/share/ament_index/resource_index/packages
[0.933s] copying package.xml -> /workspace/install/my_py_pkg/share/my_py_pkg
[0.933s] running install_egg_info
[0.949s] Copying ../../build/my_py_pkg/my_py_pkg.egg-info to /workspace/install/my_py_pkg/lib/python3.12/site-packages/my_py_pkg-0.0.0-py3.12.egg-info
[0.950s] running install_scripts
[1.043s] Installing py_node script to /workspace/install/my_py_pkg/lib/my_py_pkg
[1.043s] writing list of installed files to '/workspace/build/my_py_pkg/install.log'
[1.063s] Invoked command in '/workspace/src/my_py_pkg' returned '0': PYTHONPATH=/workspace/build/my_py_pkg/prefix_override:/usr/lib/python3/dist-packages/colcon_core/task/python/colcon_distutils_commands:/workspace/install/my_py_pkg/lib/python3.12/site-packages:${PYTHONPATH} /usr/bin/python3 -W ignore:setup.py install is deprecated -W ignore:easy_install command is deprecated setup.py egg_info --egg-base ../../build/my_py_pkg build --build-base /workspace/build/my_py_pkg/build install --record /workspace/build/my_py_pkg/install.log --install-scripts $base/lib/my_py_pkg --single-version-externally-managed install_data
