/workspace/install/my_py_pkg/lib/python3.12/site-packages/my_py_pkg/subscriber_template.py
/workspace/install/my_py_pkg/lib/python3.12/site-packages/my_py_pkg/pubscriber_template.py
/workspace/install/my_py_pkg/lib/python3.12/site-packages/my_py_pkg/health_service.py
/workspace/install/my_py_pkg/lib/python3.12/site-packages/my_py_pkg/my_first_node.py
/workspace/install/my_py_pkg/lib/python3.12/site-packages/my_py_pkg/thermal_sensor.py
/workspace/install/my_py_pkg/lib/python3.12/site-packages/my_py_pkg/__init__.py
/workspace/install/my_py_pkg/lib/python3.12/site-packages/my_py_pkg/my_publisher.py
/workspace/install/my_py_pkg/lib/python3.12/site-packages/my_py_pkg/server_template.py
/workspace/install/my_py_pkg/lib/python3.12/site-packages/my_py_pkg/thermal_monitor.py
/workspace/install/my_py_pkg/lib/python3.12/site-packages/my_py_pkg/client_template.py
/workspace/install/my_py_pkg/lib/python3.12/site-packages/my_py_pkg/my_subscriber.py
/workspace/install/my_py_pkg/lib/python3.12/site-packages/my_py_pkg/__pycache__/subscriber_template.cpython-312.pyc
/workspace/install/my_py_pkg/lib/python3.12/site-packages/my_py_pkg/__pycache__/pubscriber_template.cpython-312.pyc
/workspace/install/my_py_pkg/lib/python3.12/site-packages/my_py_pkg/__pycache__/health_service.cpython-312.pyc
/workspace/install/my_py_pkg/lib/python3.12/site-packages/my_py_pkg/__pycache__/my_first_node.cpython-312.pyc
/workspace/install/my_py_pkg/lib/python3.12/site-packages/my_py_pkg/__pycache__/thermal_sensor.cpython-312.pyc
/workspace/install/my_py_pkg/lib/python3.12/site-packages/my_py_pkg/__pycache__/__init__.cpython-312.pyc
/workspace/install/my_py_pkg/lib/python3.12/site-packages/my_py_pkg/__pycache__/my_publisher.cpython-312.pyc
/workspace/install/my_py_pkg/lib/python3.12/site-packages/my_py_pkg/__pycache__/server_template.cpython-312.pyc
/workspace/install/my_py_pkg/lib/python3.12/site-packages/my_py_pkg/__pycache__/thermal_monitor.cpython-312.pyc
/workspace/install/my_py_pkg/lib/python3.12/site-packages/my_py_pkg/__pycache__/client_template.cpython-312.pyc
/workspace/install/my_py_pkg/lib/python3.12/site-packages/my_py_pkg/__pycache__/my_subscriber.cpython-312.pyc
/workspace/install/my_py_pkg/share/ament_index/resource_index/packages/my_py_pkg
/workspace/install/my_py_pkg/share/my_py_pkg/package.xml
/workspace/install/my_py_pkg/lib/python3.12/site-packages/my_py_pkg-0.0.0-py3.12.egg-info/SOURCES.txt
/workspace/install/my_py_pkg/lib/python3.12/site-packages/my_py_pkg-0.0.0-py3.12.egg-info/PKG-INFO
/workspace/install/my_py_pkg/lib/python3.12/site-packages/my_py_pkg-0.0.0-py3.12.egg-info/zip-safe
/workspace/install/my_py_pkg/lib/python3.12/site-packages/my_py_pkg-0.0.0-py3.12.egg-info/top_level.txt
/workspace/install/my_py_pkg/lib/python3.12/site-packages/my_py_pkg-0.0.0-py3.12.egg-info/entry_points.txt
/workspace/install/my_py_pkg/lib/python3.12/site-packages/my_py_pkg-0.0.0-py3.12.egg-info/requires.txt
/workspace/install/my_py_pkg/lib/python3.12/site-packages/my_py_pkg-0.0.0-py3.12.egg-info/dependency_links.txt
/workspace/install/my_py_pkg/lib/my_py_pkg/health_service_node
/workspace/install/my_py_pkg/lib/my_py_pkg/publisher_node_name
/workspace/install/my_py_pkg/lib/my_py_pkg/py_node
/workspace/install/my_py_pkg/lib/my_py_pkg/subscriber_node_name
/workspace/install/my_py_pkg/lib/my_py_pkg/thermal_monitor_node
/workspace/install/my_py_pkg/lib/my_py_pkg/thermal_sensor_node
