[1.367s] Invoking command in '/workspace/src/my_py_pkg': PYTHONPATH=/workspace/build/my_py_pkg/prefix_override:/usr/lib/python3/dist-packages/colcon_core/task/python/colcon_distutils_commands:/workspace/install/my_py_pkg/lib/python3.12/site-packages:${PYTHONPATH} /usr/bin/python3 -W ignore:setup.py install is deprecated -W ignore:easy_install command is deprecated setup.py egg_info --egg-base ../../build/my_py_pkg build --build-base /workspace/build/my_py_pkg/build install --record /workspace/build/my_py_pkg/install.log --install-scripts $base/lib/my_py_pkg --single-version-externally-managed install_data
[1.851s] running egg_info
[1.880s] writing ../../build/my_py_pkg/my_py_pkg.egg-info/PKG-INFO
[1.880s] writing dependency_links to ../../build/my_py_pkg/my_py_pkg.egg-info/dependency_links.txt
[1.880s] writing entry points to ../../build/my_py_pkg/my_py_pkg.egg-info/entry_points.txt
[1.881s] writing requirements to ../../build/my_py_pkg/my_py_pkg.egg-info/requires.txt
[1.881s] writing top-level names to ../../build/my_py_pkg/my_py_pkg.egg-info/top_level.txt
[1.939s] reading manifest file '../../build/my_py_pkg/my_py_pkg.egg-info/SOURCES.txt'
[1.941s] writing manifest file '../../build/my_py_pkg/my_py_pkg.egg-info/SOURCES.txt'
[1.941s] running build
[1.941s] running build_py
[1.941s] copying my_py_pkg/my_first_node.py -> /workspace/build/my_py_pkg/build/lib/my_py_pkg
[1.942s] running install
[1.954s] running install_lib
[1.984s] copying /workspace/build/my_py_pkg/build/lib/my_py_pkg/my_first_node.py -> /workspace/install/my_py_pkg/lib/python3.12/site-packages/my_py_pkg
[1.984s] byte-compiling /workspace/install/my_py_pkg/lib/python3.12/site-packages/my_py_pkg/my_first_node.py to my_first_node.cpython-312.pyc
[1.985s] running install_data
[1.986s] running install_egg_info
[2.017s] removing '/workspace/install/my_py_pkg/lib/python3.12/site-packages/my_py_pkg-0.0.0-py3.12.egg-info' (and everything under it)
[2.018s] Copying ../../build/my_py_pkg/my_py_pkg.egg-info to /workspace/install/my_py_pkg/lib/python3.12/site-packages/my_py_pkg-0.0.0-py3.12.egg-info
[2.019s] running install_scripts
[2.236s] Installing py_node script to /workspace/install/my_py_pkg/lib/my_py_pkg
[2.237s] writing list of installed files to '/workspace/build/my_py_pkg/install.log'
[2.283s] Invoked command in '/workspace/src/my_py_pkg' returned '0': PYTHONPATH=/workspace/build/my_py_pkg/prefix_override:/usr/lib/python3/dist-packages/colcon_core/task/python/colcon_distutils_commands:/workspace/install/my_py_pkg/lib/python3.12/site-packages:${PYTHONPATH} /usr/bin/python3 -W ignore:setup.py install is deprecated -W ignore:easy_install command is deprecated setup.py egg_info --egg-base ../../build/my_py_pkg build --build-base /workspace/build/my_py_pkg/build install --record /workspace/build/my_py_pkg/install.log --install-scripts $base/lib/my_py_pkg --single-version-externally-managed install_data
