[0.492s] Invoking command in '/workspace/src/my_py_pkg': PYTHONPATH=/workspace/build/my_py_pkg/prefix_override:/usr/lib/python3/dist-packages/colcon_core/task/python/colcon_distutils_commands:/workspace/install/my_py_pkg/lib/python3.12/site-packages:${PYTHONPATH} /usr/bin/python3 -W ignore:setup.py install is deprecated -W ignore:easy_install command is deprecated setup.py egg_info --egg-base ../../build/my_py_pkg build --build-base /workspace/build/my_py_pkg/build install --record /workspace/build/my_py_pkg/install.log --install-scripts $base/lib/my_py_pkg --single-version-externally-managed install_data
[0.663s] running egg_info
[0.674s] writing ../../build/my_py_pkg/my_py_pkg.egg-info/PKG-INFO
[0.674s] writing dependency_links to ../../build/my_py_pkg/my_py_pkg.egg-info/dependency_links.txt
[0.674s] writing entry points to ../../build/my_py_pkg/my_py_pkg.egg-info/entry_points.txt
[0.674s] writing requirements to ../../build/my_py_pkg/my_py_pkg.egg-info/requires.txt
[0.675s] writing top-level names to ../../build/my_py_pkg/my_py_pkg.egg-info/top_level.txt
[0.698s] reading manifest file '../../build/my_py_pkg/my_py_pkg.egg-info/SOURCES.txt'
[0.698s] writing manifest file '../../build/my_py_pkg/my_py_pkg.egg-info/SOURCES.txt'
[0.699s] running build
[0.699s] running build_py
[0.699s] copying my_py_pkg/subscriber_template.py -> /workspace/build/my_py_pkg/build/lib/my_py_pkg
[0.699s] copying my_py_pkg/pubscriber_template.py -> /workspace/build/my_py_pkg/build/lib/my_py_pkg
[0.699s] copying my_py_pkg/my_publisher.py -> /workspace/build/my_py_pkg/build/lib/my_py_pkg
[0.699s] copying my_py_pkg/my_subscriber.py -> /workspace/build/my_py_pkg/build/lib/my_py_pkg
[0.699s] running install
[0.704s] running install_lib
[0.717s] copying /workspace/build/my_py_pkg/build/lib/my_py_pkg/subscriber_template.py -> /workspace/install/my_py_pkg/lib/python3.12/site-packages/my_py_pkg
[0.717s] copying /workspace/build/my_py_pkg/build/lib/my_py_pkg/pubscriber_template.py -> /workspace/install/my_py_pkg/lib/python3.12/site-packages/my_py_pkg
[0.717s] copying /workspace/build/my_py_pkg/build/lib/my_py_pkg/my_publisher.py -> /workspace/install/my_py_pkg/lib/python3.12/site-packages/my_py_pkg
[0.717s] copying /workspace/build/my_py_pkg/build/lib/my_py_pkg/my_subscriber.py -> /workspace/install/my_py_pkg/lib/python3.12/site-packages/my_py_pkg
[0.717s] byte-compiling /workspace/install/my_py_pkg/lib/python3.12/site-packages/my_py_pkg/subscriber_template.py to subscriber_template.cpython-312.pyc
[0.718s] byte-compiling /workspace/install/my_py_pkg/lib/python3.12/site-packages/my_py_pkg/pubscriber_template.py to pubscriber_template.cpython-312.pyc
[0.718s] byte-compiling /workspace/install/my_py_pkg/lib/python3.12/site-packages/my_py_pkg/my_publisher.py to my_publisher.cpython-312.pyc
[0.718s] byte-compiling /workspace/install/my_py_pkg/lib/python3.12/site-packages/my_py_pkg/my_subscriber.py to my_subscriber.cpython-312.pyc
[0.719s] running install_data
[0.719s] copying package.xml -> /workspace/install/my_py_pkg/share/my_py_pkg
[0.719s] running install_egg_info
[0.732s] removing '/workspace/install/my_py_pkg/lib/python3.12/site-packages/my_py_pkg-0.0.0-py3.12.egg-info' (and everything under it)
[0.732s] Copying ../../build/my_py_pkg/my_py_pkg.egg-info to /workspace/install/my_py_pkg/lib/python3.12/site-packages/my_py_pkg-0.0.0-py3.12.egg-info
[0.732s] running install_scripts
[0.819s] Installing publisher_node_name script to /workspace/install/my_py_pkg/lib/my_py_pkg
[0.820s] Installing py_node script to /workspace/install/my_py_pkg/lib/my_py_pkg
[0.820s] Installing subscriber_node_name script to /workspace/install/my_py_pkg/lib/my_py_pkg
[0.820s] writing list of installed files to '/workspace/build/my_py_pkg/install.log'
[0.839s] Invoked command in '/workspace/src/my_py_pkg' returned '0': PYTHONPATH=/workspace/build/my_py_pkg/prefix_override:/usr/lib/python3/dist-packages/colcon_core/task/python/colcon_distutils_commands:/workspace/install/my_py_pkg/lib/python3.12/site-packages:${PYTHONPATH} /usr/bin/python3 -W ignore:setup.py install is deprecated -W ignore:easy_install command is deprecated setup.py egg_info --egg-base ../../build/my_py_pkg build --build-base /workspace/build/my_py_pkg/build install --record /workspace/build/my_py_pkg/install.log --install-scripts $base/lib/my_py_pkg --single-version-externally-managed install_data
